Archive member included to satisfy reference by file (symbol)

f:/imt avr complete course/00-tools/03-imt sdk/03- imt sdk/imt_sdk_win_64/winarm/armgcc/bin/../lib/gcc/arm-none-eabi/7.2.1/../../../../arm-none-eabi/lib/thumb/v7e-m\libg_nano.a(lib_a-errno.o)
                              ./system/src/newlib/_sbrk.o (__errno)
f:/imt avr complete course/00-tools/03-imt sdk/03- imt sdk/imt_sdk_win_64/winarm/armgcc/bin/../lib/gcc/arm-none-eabi/7.2.1/../../../../arm-none-eabi/lib/thumb/v7e-m\libg_nano.a(lib_a-impure.o)
                              f:/imt avr complete course/00-tools/03-imt sdk/03- imt sdk/imt_sdk_win_64/winarm/armgcc/bin/../lib/gcc/arm-none-eabi/7.2.1/../../../../arm-none-eabi/lib/thumb/v7e-m\libg_nano.a(lib_a-errno.o) (_impure_ptr)
f:/imt avr complete course/00-tools/03-imt sdk/03- imt sdk/imt_sdk_win_64/winarm/armgcc/bin/../lib/gcc/arm-none-eabi/7.2.1/../../../../arm-none-eabi/lib/thumb/v7e-m\libg_nano.a(lib_a-strlen.o)
                              ./system/src/diag/Trace.o (strlen)
f:/imt avr complete course/00-tools/03-imt sdk/03- imt sdk/imt_sdk_win_64/winarm/armgcc/bin/../lib/gcc/arm-none-eabi/7.2.1/../../../../arm-none-eabi/lib/thumb/v7e-m\libg_nano.a(lib_a-vsnprintf.o)
                              ./system/src/diag/Trace.o (vsnprintf)
f:/imt avr complete course/00-tools/03-imt sdk/03- imt sdk/imt_sdk_win_64/winarm/armgcc/bin/../lib/gcc/arm-none-eabi/7.2.1/../../../../arm-none-eabi/lib/thumb/v7e-m\libg_nano.a(lib_a-nano-svfprintf.o)
                              f:/imt avr complete course/00-tools/03-imt sdk/03- imt sdk/imt_sdk_win_64/winarm/armgcc/bin/../lib/gcc/arm-none-eabi/7.2.1/../../../../arm-none-eabi/lib/thumb/v7e-m\libg_nano.a(lib_a-vsnprintf.o) (_svfprintf_r)
f:/imt avr complete course/00-tools/03-imt sdk/03- imt sdk/imt_sdk_win_64/winarm/armgcc/bin/../lib/gcc/arm-none-eabi/7.2.1/../../../../arm-none-eabi/lib/thumb/v7e-m\libg_nano.a(lib_a-nano-vfprintf_i.o)
                              f:/imt avr complete course/00-tools/03-imt sdk/03- imt sdk/imt_sdk_win_64/winarm/armgcc/bin/../lib/gcc/arm-none-eabi/7.2.1/../../../../arm-none-eabi/lib/thumb/v7e-m\libg_nano.a(lib_a-nano-svfprintf.o) (_printf_i)
f:/imt avr complete course/00-tools/03-imt sdk/03- imt sdk/imt_sdk_win_64/winarm/armgcc/bin/../lib/gcc/arm-none-eabi/7.2.1/../../../../arm-none-eabi/lib/thumb/v7e-m\libg_nano.a(lib_a-memchr.o)
                              f:/imt avr complete course/00-tools/03-imt sdk/03- imt sdk/imt_sdk_win_64/winarm/armgcc/bin/../lib/gcc/arm-none-eabi/7.2.1/../../../../arm-none-eabi/lib/thumb/v7e-m\libg_nano.a(lib_a-nano-svfprintf.o) (memchr)
f:/imt avr complete course/00-tools/03-imt sdk/03- imt sdk/imt_sdk_win_64/winarm/armgcc/bin/../lib/gcc/arm-none-eabi/7.2.1/../../../../arm-none-eabi/lib/thumb/v7e-m\libg_nano.a(lib_a-memcpy-stub.o)
                              f:/imt avr complete course/00-tools/03-imt sdk/03- imt sdk/imt_sdk_win_64/winarm/armgcc/bin/../lib/gcc/arm-none-eabi/7.2.1/../../../../arm-none-eabi/lib/thumb/v7e-m\libg_nano.a(lib_a-nano-svfprintf.o) (memcpy)
f:/imt avr complete course/00-tools/03-imt sdk/03- imt sdk/imt_sdk_win_64/winarm/armgcc/bin/../lib/gcc/arm-none-eabi/7.2.1/../../../../arm-none-eabi/lib/thumb/v7e-m\libg_nano.a(lib_a-memmove.o)
                              f:/imt avr complete course/00-tools/03-imt sdk/03- imt sdk/imt_sdk_win_64/winarm/armgcc/bin/../lib/gcc/arm-none-eabi/7.2.1/../../../../arm-none-eabi/lib/thumb/v7e-m\libg_nano.a(lib_a-nano-svfprintf.o) (memmove)
f:/imt avr complete course/00-tools/03-imt sdk/03- imt sdk/imt_sdk_win_64/winarm/armgcc/bin/../lib/gcc/arm-none-eabi/7.2.1/../../../../arm-none-eabi/lib/thumb/v7e-m\libg_nano.a(lib_a-nano-freer.o)
                              f:/imt avr complete course/00-tools/03-imt sdk/03- imt sdk/imt_sdk_win_64/winarm/armgcc/bin/../lib/gcc/arm-none-eabi/7.2.1/../../../../arm-none-eabi/lib/thumb/v7e-m\libg_nano.a(lib_a-nano-svfprintf.o) (_free_r)
f:/imt avr complete course/00-tools/03-imt sdk/03- imt sdk/imt_sdk_win_64/winarm/armgcc/bin/../lib/gcc/arm-none-eabi/7.2.1/../../../../arm-none-eabi/lib/thumb/v7e-m\libg_nano.a(lib_a-nano-mallocr.o)
                              f:/imt avr complete course/00-tools/03-imt sdk/03- imt sdk/imt_sdk_win_64/winarm/armgcc/bin/../lib/gcc/arm-none-eabi/7.2.1/../../../../arm-none-eabi/lib/thumb/v7e-m\libg_nano.a(lib_a-nano-svfprintf.o) (_malloc_r)
f:/imt avr complete course/00-tools/03-imt sdk/03- imt sdk/imt_sdk_win_64/winarm/armgcc/bin/../lib/gcc/arm-none-eabi/7.2.1/../../../../arm-none-eabi/lib/thumb/v7e-m\libg_nano.a(lib_a-nano-reallocr.o)
                              f:/imt avr complete course/00-tools/03-imt sdk/03- imt sdk/imt_sdk_win_64/winarm/armgcc/bin/../lib/gcc/arm-none-eabi/7.2.1/../../../../arm-none-eabi/lib/thumb/v7e-m\libg_nano.a(lib_a-nano-svfprintf.o) (_realloc_r)
f:/imt avr complete course/00-tools/03-imt sdk/03- imt sdk/imt_sdk_win_64/winarm/armgcc/bin/../lib/gcc/arm-none-eabi/7.2.1/../../../../arm-none-eabi/lib/thumb/v7e-m\libg_nano.a(lib_a-sbrkr.o)
[...]
Memory Configuration

Name             Origin             Length             Attributes
RAM              0x20000000         0x00010000         xrw
CCMRAM           0x10000000         0x00000000         xrw
FLASH            0x08000000         0x00004000         xr
FLASHB1          0x00000000         0x00000000         xr
EXTMEMB0         0x00000000         0x00000000         xr
EXTMEMB1         0x00000000         0x00000000         xr
EXTMEMB2         0x00000000         0x00000000         xr
EXTMEMB3         0x00000000         0x00000000         xr
*default*        0x00000000         0xffffffff

Linker script and memory map

LOAD ./system/src/stm32f4-hal/stm32f4xx_hal.o
LOAD ./system/src/stm32f4-hal/stm32f4xx_hal_cortex.o
LOAD ./system/src/stm32f4-hal/stm32f4xx_hal_dfsdm.o
LOAD ./system/src/stm32f4-hal/stm32f4xx_hal_flash.o
LOAD ./system/src/stm32f4-hal/stm32f4xx_hal_gpio.o
LOAD ./system/src/stm32f4-hal/stm32f4xx_hal_iwdg.o
LOAD ./system/src/stm32f4-hal/stm32f4xx_hal_pwr.o
LOAD ./system/src/stm32f4-hal/stm32f4xx_hal_rcc.o
LOAD ./system/src/newlib/_cxx.o
LOAD ./system/src/newlib/_exit.o
LOAD ./system/src/newlib/_sbrk.o
LOAD ./system/src/newlib/_startup.o
LOAD ./system/src/newlib/_syscalls.o
LOAD ./system/src/newlib/assert.o
LOAD ./system/src/diag/Trace.o
LOAD ./system/src/diag/trace_impl.o
LOAD ./system/src/cortexm/_initialize_hardware.o
LOAD ./system/src/cortexm/_reset_hardware.o
LOAD ./system/src/cortexm/exception_handlers.o
LOAD ./system/src/cmsis/system_stm32f4xx.o
LOAD ./system/src/cmsis/vectors_stm32f401xc.o
LOAD ./src/EXTI_program.o
LOAD ./src/GPIO_program.o
LOAD ./src/MFPEC_Program.o
LOAD ./src/MRCC_program.o
LOAD ./src/MUSART_Program.o
LOAD ./src/NVIC_program.o
LOAD ./src/SPARSER_Program.o
LOAD ./src/SYSTICK_program.o
LOAD ./src/main.o
LOAD f:/imt avr complete course/00-tools/03-imt sdk/03- imt sdk/imt_sdk_win_64/winarm/armgcc/bin/../lib/gcc/arm-none-eabi/7.2.1/../../../../arm-none-eabi/lib/thumb/v7e-m\libstdc++_nano.a
LOAD f:/imt avr complete course/00-tools/03-imt sdk/03- imt sdk/imt_sdk_win_64/winarm/armgcc/bin/../lib/gcc/arm-none-eabi/7.2.1/../../../../arm-none-eabi/lib/thumb/v7e-m\libm.a
START GROUP
LOAD f:/imt avr complete course/00-tools/03-imt sdk/03- imt sdk/imt_sdk_win_64/winarm/armgcc/bin/../lib/gcc/arm-none-eabi/7.2.1/thumb/v7e-m\libgcc.a
LOAD f:/imt avr complete course/00-tools/03-imt sdk/03- imt sdk/imt_sdk_win_64/winarm/armgcc/bin/../lib/gcc/arm-none-eabi/7.2.1/../../../../arm-none-eabi/lib/thumb/v7e-m\libg_nano.a
LOAD f:/imt avr complete course/00-tools/03-imt sdk/03- imt sdk/imt_sdk_win_64/winarm/armgcc/bin/../lib/gcc/arm-none-eabi/7.2.1/../../../../arm-none-eabi/lib/thumb/v7e-m\libc_nano.a
END GROUP
START GROUP
LOAD f:/imt avr complete course/00-tools/03-imt sdk/03- imt sdk/imt_sdk_win_64/winarm/armgcc/bin/../lib/gcc/arm-none-eabi/7.2.1/thumb/v7e-m\libgcc.a
LOAD f:/imt avr complete course/00-tools/03-imt sdk/03- imt sdk/imt_sdk_win_64/winarm/armgcc/bin/../lib/gcc/arm-none-eabi/7.2.1/../../../../arm-none-eabi/lib/thumb/v7e-m\libc_nano.a
END GROUP
                0x20010000                __stack = (ORIGIN (RAM) + LENGTH (RAM))
                0x20010000                _estack = __stack
                0x00000400                __Main_Stack_Size = 0x400
                [!provide]                PROVIDE (_Main_Stack_Size, __Main_Stack_Size)
                0x2000fc00                __Main_Stack_Limit = (__stack - __Main_Stack_Size)
                [!provide]                PROVIDE (_Main_Stack_Limit, __Main_Stack_Limit)
                0x00000100                _Minimum_Stack_Size = 0x100
                0x2000029c                PROVIDE (_Heap_Begin, _end_noinit)
                0x2000fc00                PROVIDE (_Heap_Limit, (__stack - __Main_Stack_Size))

.isr_vector     0x08000000      0x3f4
 FILL mask 0xff
                0x08000000                __vectors_start = ABSOLUTE (.)
                0x08000000                __vectors_start__ = ABSOLUTE (.)
 *(.isr_vector)
 .isr_vector    0x08000000      0x194 ./system/src/cmsis/vectors_stm32f401xc.o
                0x08000000                __isr_vectors
 *(.cfmconfig)
 *(.after_vectors .after_vectors.*)
 .after_vectors
                0x08000194      0x130 ./system/src/newlib/_startup.o
                0x08000194                _start
 .after_vectors
                0x080002c4      0x12c ./system/src/cortexm/exception_handlers.o
                0x080002c4                Reset_Handler
                0x080002ca                NMI_Handler
                0x080002ce                HardFault_Handler
                0x080002e2                HardFault_Handler_C
                0x08000340                MemManage_Handler
                0x08000344                BusFault_Handler
                0x08000358                BusFault_Handler_C
                0x0800038c                UsageFault_Handler
                0x080003a0                UsageFault_Handler_C
                0x080003d4                SVC_Handler
                0x080003d8                DebugMon_Handler
                0x080003dc                PendSV_Handler
 .after_vectors
                0x080003f0        0x4 ./system/src/cmsis/vectors_stm32f401xc.o
                0x080003f0                RTC_Alarm_IRQHandler
                0x080003f0                EXTI2_IRQHandler
                0x080003f0                SPI4_IRQHandler
                0x080003f0                TIM1_CC_IRQHandler
                0x080003f0                DMA2_Stream5_IRQHandler
                0x080003f0                DMA1_Stream5_IRQHandler
                0x080003f0                PVD_IRQHandler
                0x080003f0                SDIO_IRQHandler
                0x080003f0                TAMP_STAMP_IRQHandler
                0x080003f0                EXTI3_IRQHandler
                0x080003f0                TIM1_UP_TIM10_IRQHandler
                0x080003f0                I2C3_ER_IRQHandler
                0x080003f0                I2C2_EV_IRQHandler
                0x080003f0                DMA1_Stream2_IRQHandler
                0x080003f0                FPU_IRQHandler
                0x080003f0                DMA2_Stream2_IRQHandler
                0x080003f0                SPI1_IRQHandler
                0x080003f0                TIM1_BRK_TIM9_IRQHandler
                0x080003f0                DMA2_Stream3_IRQHandler
                0x080003f0                USART6_IRQHandler
                0x080003f0                DMA2_Stream0_IRQHandler
                0x080003f0                TIM4_IRQHandler
                0x080003f0                I2C1_EV_IRQHandler
                0x080003f0                DMA1_Stream6_IRQHandler
                0x080003f0                DMA1_Stream1_IRQHandler
                0x080003f0                TIM3_IRQHandler
                0x080003f0                RCC_IRQHandler
                0x080003f0                Default_Handler
                0x080003f0                EXTI15_10_IRQHandler
                0x080003f0                ADC_IRQHandler
                0x080003f0                DMA1_Stream7_IRQHandler
                0x080003f0                TIM5_IRQHandler
                0x080003f0                DMA2_Stream7_IRQHandler
                0x080003f0                I2C3_EV_IRQHandler
                0x080003f0                EXTI9_5_IRQHandler
                0x080003f0                RTC_WKUP_IRQHandler
                0x080003f0                SPI2_IRQHandler
                0x080003f0                DMA1_Stream0_IRQHandler
                0x080003f0                EXTI4_IRQHandler
                0x080003f0                WWDG_IRQHandler
                0x080003f0                TIM2_IRQHandler
                0x080003f0                OTG_FS_WKUP_IRQHandler
                0x080003f0                TIM1_TRG_COM_TIM11_IRQHandler
                0x080003f0                USART2_IRQHandler
                0x080003f0                I2C2_ER_IRQHandler
                0x080003f0                DMA2_Stream1_IRQHandler
                0x080003f0                FLASH_IRQHandler
                0x080003f0                DMA2_Stream4_IRQHandler
                0x080003f0                USART1_IRQHandler
                0x080003f0                OTG_FS_IRQHandler
                0x080003f0                SPI3_IRQHandler
                0x080003f0                DMA1_Stream4_IRQHandler
                0x080003f0                I2C1_ER_IRQHandler
                0x080003f0                DMA2_Stream6_IRQHandler
                0x080003f0                DMA1_Stream3_IRQHandler

.inits          0x080003f4       0x28
                0x080003f4                __data_regions_array_start = .
                0x080003f4        0x4 LONG 0x8001bb0 LOADADDR (.data)
                0x080003f8        0x4 LONG 0x20000000 ADDR (.data)
                0x080003fc        0x4 LONG 0x20000080 (ADDR (.data) + SIZEOF (.data))
                0x08000400        0x4 LONG 0x8001bb0 LOADADDR (.data_CCMRAM)
                0x08000404        0x4 LONG 0x10000000 ADDR (.data_CCMRAM)
                0x08000408        0x4 LONG 0x10000000 (ADDR (.data_CCMRAM) + SIZEOF (.data_CCMRAM))
                0x0800040c                __data_regions_array_end = .
                0x0800040c                __bss_regions_array_start = .
                0x0800040c        0x4 LONG 0x20000080 ADDR (.bss)
                0x08000410        0x4 LONG 0x2000029c (ADDR (.bss) + SIZEOF (.bss))
                0x08000414        0x4 LONG 0x10000000 ADDR (.bss_CCMRAM)
                0x08000418        0x4 LONG 0x10000000 (ADDR (.bss_CCMRAM) + SIZEOF (.bss_CCMRAM))
                0x0800041c                __bss_regions_array_end = .
 *(.init)
 *(.fini)
                0x0800041c                . = ALIGN (0x4)
                0x0800041c                PROVIDE (__preinit_array_start, .)
 *(.preinit_array_sysinit .preinit_array_sysinit.*)
 *(.preinit_array_platform .preinit_array_platform.*)
 *(.preinit_array .preinit_array.*)
                0x0800041c                PROVIDE (__preinit_array_end, .)
                0x0800041c                . = ALIGN (0x4)
                0x0800041c                PROVIDE (__init_array_start, .)
 *(SORT_BY_NAME(.init_array.*))
 *(.init_array)
                0x0800041c                PROVIDE (__init_array_end, .)
                0x0800041c                . = ALIGN (0x4)
                0x0800041c                PROVIDE (__fini_array_start, .)
 *(SORT_BY_NAME(.fini_array.*))
 *(.fini_array)
                0x0800041c                PROVIDE (__fini_array_end, .)

.flashtext
 *(.flashtext .flashtext.*)

.text           0x08000420     0x178f
 *(.text .text.*)
 .text._exit    0x08000420        0x2 ./system/src/newlib/_exit.o
                0x08000420                _exit
 *fill*         0x08000422        0x2 
 .text._sbrk    0x08000424       0x44 ./system/src/newlib/_sbrk.o
                0x08000424                _sbrk
 .text.__initialize_args
                0x08000468       0x10 ./system/src/newlib/_syscalls.o
                0x08000468                __initialize_args
 .text.trace_printf
                0x08000478       0x30 ./system/src/diag/Trace.o
                0x08000478                trace_printf
 .text._trace_write_semihosting_debug
                0x080004a8       0x60 ./system/src/diag/trace_impl.o
 .text.trace_write
                0x08000508        0x8 ./system/src/diag/trace_impl.o
                0x08000508                trace_write
 .text.__initialize_hardware_early
                0x08000510       0x18 ./system/src/cortexm/_initialize_hardware.o
                0x08000510                __initialize_hardware_early
 .text.__initialize_hardware
                0x08000528        0x8 ./system/src/cortexm/_initialize_hardware.o
                0x08000528                __initialize_hardware
 .text.dumpExceptionStack
                0x08000530       0xf4 ./system/src/cortexm/exception_handlers.o
                0x08000530                dumpExceptionStack
 .text.isSemihosting
                0x08000624       0x20 ./system/src/cortexm/exception_handlers.o
                0x08000624                isSemihosting
 .text.SystemInit
                0x08000644       0x40 ./system/src/cmsis/system_stm32f4xx.o
                0x08000644                SystemInit
 .text.SystemCoreClockUpdate
                0x08000684       0x9c ./system/src/cmsis/system_stm32f4xx.o
                0x08000684                SystemCoreClockUpdate
 .text.EXTI0_IRQHandler
                0x08000720       0x1c ./src/EXTI_program.o
                0x08000720                EXTI0_IRQHandler
 .text.EXTI1_IRQHandler
                0x0800073c       0x1c ./src/EXTI_program.o
                0x0800073c                EXTI1_IRQHandler
 .text.MGPIO_vSetMode
                0x08000758       0x84 ./src/GPIO_program.o
                0x08000758                MGPIO_vSetMode
 .text.MGPIO_vSetOutputMode
                0x080007dc       0xc0 ./src/GPIO_program.o
                0x080007dc                MGPIO_vSetOutputMode
 .text.MGPIO_vWritePin
                0x0800089c       0x78 ./src/GPIO_program.o
                0x0800089c                MGPIO_vWritePin
 .text.MGPIO_vSetAlternativeMode
                0x08000914       0xbc ./src/GPIO_program.o
                0x08000914                MGPIO_vSetAlternativeMode
 .text.MFPEC_voidSectorErase
                0x080009d0       0x68 ./src/MFPEC_Program.o
                0x080009d0                MFPEC_voidSectorErase
 .text.MFPEC_voidFlashWrite
                0x08000a38       0x7c ./src/MFPEC_Program.o
                0x08000a38                MFPEC_voidFlashWrite
 .text.MRCC_vInt
                0x08000ab4       0x28 ./src/MRCC_program.o
                0x08000ab4                MRCC_vInt
 .text.MRCC_vEnable
                0x08000adc       0x64 ./src/MRCC_program.o
                0x08000adc                MRCC_vEnable
 .text.MUSART_GetHandler
                0x08000b40       0x20 ./src/MUSART_Program.o
 .text.MSUART_voidInit
                0x08000b60       0x60 ./src/MUSART_Program.o
                0x08000b60                MSUART_voidInit
 .text.MUSART_voidEnable
                0x08000bc0       0x40 ./src/MUSART_Program.o
                0x08000bc0                MUSART_voidEnable
 .text.MUSART_u8SendData
                0x08000c00       0x24 ./src/MUSART_Program.o
                0x08000c00                MUSART_u8SendData
 .text.MUSART1_voidSendCharSynch
                0x08000c24       0x1e ./src/MUSART_Program.o
                0x08000c24                MUSART1_voidSendCharSynch
 .text.MUSART1_u8ReceiveCharSync
                0x08000c42       0x1e ./src/MUSART_Program.o
                0x08000c42                MUSART1_u8ReceiveCharSync
 .text.MUSART1_u8ReceiveCharSync2
                0x08000c60       0x1a ./src/MUSART_Program.o
                0x08000c60                MUSART1_u8ReceiveCharSync2
 .text.MUSART1_voidSendSrtingSynch
                0x08000c7a       0x18 ./src/MUSART_Program.o
                0x08000c7a                MUSART1_voidSendSrtingSynch
 .text.PARSE_u8AsciToHex
                0x08000c92       0x14 ./src/SPARSER_Program.o
                0x08000c92                PARSE_u8AsciToHex
 *fill*         0x08000ca6        0x2 
 .text.PARSE_voidParseData
                0x08000ca8       0xbc ./src/SPARSER_Program.o
                0x08000ca8                PARSE_voidParseData
 .text.PARSE_voidParseRecord
                0x08000d64       0x10 ./src/SPARSER_Program.o
                0x08000d64                PARSE_voidParseRecord
 .text.MSYSYTICK_voidStop
                0x08000d74       0x20 ./src/SYSTICK_program.o
                0x08000d74                MSYSYTICK_voidStop
 .text.MSYSYTICK_voidInit
                0x08000d94       0x10 ./src/SYSTICK_program.o
                0x08000d94                MSYSYTICK_voidInit
 .text.MSYSYTICK_voidStart
                0x08000da4       0x18 ./src/SYSTICK_program.o
                0x08000da4                MSYSYTICK_voidStart
 .text.MSYSYTICK_voidCtrlIntState
                0x08000dbc       0x24 ./src/SYSTICK_program.o
                0x08000dbc                MSYSYTICK_voidCtrlIntState
 .text.MSTK_voidSetInterval_single
                0x08000de0       0x28 ./src/SYSTICK_program.o
                0x08000de0                MSTK_voidSetInterval_single
 .text.SysTick_Handler
                0x08000e08       0x24 ./src/SYSTICK_program.o
                0x08000e08                SysTick_Handler
 .text.App1_Jump
                0x08000e2c       0x38 ./src/main.o
                0x08000e2c                App1_Jump
 .text.App2_Jump
                0x08000e64       0x38 ./src/main.o
                0x08000e64                App2_Jump
 .text.main     0x08000e9c      0x288 ./src/main.o
                0x08000e9c                main
 .text.__errno  0x08001124        0xc f:/imt avr complete course/00-tools/03-imt sdk/03- imt sdk/imt_sdk_win_64/winarm/armgcc/bin/../lib/gcc/arm-none-eabi/7.2.1/../../../../arm-none-eabi/lib/thumb/v7e-m\libg_nano.a(lib_a-errno.o)
                0x08001124                __errno
 .text._vsnprintf_r
                0x08001130       0x58 f:/imt avr complete course/00-tools/03-imt sdk/03- imt sdk/imt_sdk_win_64/winarm/armgcc/bin/../lib/gcc/arm-none-eabi/7.2.1/../../../../arm-none-eabi/lib/thumb/v7e-m\libg_nano.a(lib_a-vsnprintf.o)
                0x08001130                _vsniprintf_r
                0x08001130                _vsnprintf_r
 .text.vsnprintf
                0x08001188       0x1c f:/imt avr complete course/00-tools/03-imt sdk/03- imt sdk/imt_sdk_win_64/winarm/armgcc/bin/../lib/gcc/arm-none-eabi/7.2.1/../../../../arm-none-eabi/lib/thumb/v7e-m\libg_nano.a(lib_a-vsnprintf.o)
                0x08001188                vsniprintf
                0x08001188                vsnprintf
 .text.__ssputs_r
                0x080011a4       0xb4 f:/imt avr complete course/00-tools/03-imt sdk/03- imt sdk/imt_sdk_win_64/winarm/armgcc/bin/../lib/gcc/arm-none-eabi/7.2.1/../../../../arm-none-eabi/lib/thumb/v7e-m\libg_nano.a(lib_a-nano-svfprintf.o)
                0x080011a4                __ssputs_r
 .text._svfprintf_r
                0x08001258      0x1ec f:/imt avr complete course/00-tools/03-imt sdk/03- imt sdk/imt_sdk_win_64/winarm/armgcc/bin/../lib/gcc/arm-none-eabi/7.2.1/../../../../arm-none-eabi/lib/thumb/v7e-m\libg_nano.a(lib_a-nano-svfprintf.o)
                0x08001258                _svfiprintf_r
                0x08001258                _svfprintf_r
 .text._printf_common
                0x08001444       0xea f:/imt avr complete course/00-tools/03-imt sdk/03- imt sdk/imt_sdk_win_64/winarm/armgcc/bin/../lib/gcc/arm-none-eabi/7.2.1/../../../../arm-none-eabi/lib/thumb/v7e-m\libg_nano.a(lib_a-nano-vfprintf_i.o)
                0x08001444                _printf_common
 *fill*         0x0800152e        0x2 
 .text._printf_i
                0x08001530      0x224 f:/imt avr complete course/00-tools/03-imt sdk/03- imt sdk/imt_sdk_win_64/winarm/armgcc/bin/../lib/gcc/arm-none-eabi/7.2.1/../../../../arm-none-eabi/lib/thumb/v7e-m\libg_nano.a(lib_a-nano-vfprintf_i.o)
                0x08001530                _printf_i
 *fill*         0x08001754        0xc 
 .text          0x08001760       0xa0 f:/imt avr complete course/00-tools/03-imt sdk/03- imt sdk/imt_sdk_win_64/winarm/armgcc/bin/../lib/gcc/arm-none-eabi/7.2.1/../../../../arm-none-eabi/lib/thumb/v7e-m\libg_nano.a(lib_a-memchr.o)
                0x08001760                memchr
 .text.memcpy   0x08001800       0x16 f:/imt avr complete course/00-tools/03-imt sdk/03- imt sdk/imt_sdk_win_64/winarm/armgcc/bin/../lib/gcc/arm-none-eabi/7.2.1/../../../../arm-none-eabi/lib/thumb/v7e-m\libg_nano.a(lib_a-memcpy-stub.o)
                0x08001800                memcpy
 .text.memmove  0x08001816       0x32 f:/imt avr complete course/00-tools/03-imt sdk/03- imt sdk/imt_sdk_win_64/winarm/armgcc/bin/../lib/gcc/arm-none-eabi/7.2.1/../../../../arm-none-eabi/lib/thumb/v7e-m\libg_nano.a(lib_a-memmove.o)
                0x08001816                memmove
 .text._free_r  0x08001848       0x9c f:/imt avr complete course/00-tools/03-imt sdk/03- imt sdk/imt_sdk_win_64/winarm/armgcc/bin/../lib/gcc/arm-none-eabi/7.2.1/../../../../arm-none-eabi/lib/thumb/v7e-m\libg_nano.a(lib_a-nano-freer.o)
                0x08001848                _free_r
 .text._malloc_r
                0x080018e4       0xb4 f:/imt avr complete course/00-tools/03-imt sdk/03- imt sdk/imt_sdk_win_64/winarm/armgcc/bin/../lib/gcc/arm-none-eabi/7.2.1/../../../../arm-none-eabi/lib/thumb/v7e-m\libg_nano.a(lib_a-nano-mallocr.o)
                0x080018e4                _malloc_r
 .text._realloc_r
                0x08001998       0x4c f:/imt avr complete course/00-tools/03-imt sdk/03- imt sdk/imt_sdk_win_64/winarm/armgcc/bin/../lib/gcc/arm-none-eabi/7.2.1/../../../../arm-none-eabi/lib/thumb/v7e-m\libg_nano.a(lib_a-nano-reallocr.o)
                0x08001998                _realloc_r
 .text._sbrk_r  0x080019e4       0x20 f:/imt avr complete course/00-tools/03-imt sdk/03- imt sdk/imt_sdk_win_64/winarm/armgcc/bin/../lib/gcc/arm-none-eabi/7.2.1/../../../../arm-none-eabi/lib/thumb/v7e-m\libg_nano.a(lib_a-sbrkr.o)
                0x080019e4                _sbrk_r
 .text.__malloc_lock
                0x08001a04        0x2 f:/imt avr complete course/00-tools/03-imt sdk/03- imt sdk/imt_sdk_win_64/winarm/armgcc/bin/../lib/gcc/arm-none-eabi/7.2.1/../../../../arm-none-eabi/lib/thumb/v7e-m\libg_nano.a(lib_a-mlock.o)
                0x08001a04                __malloc_lock
 .text.__malloc_unlock
                0x08001a06        0x2 f:/imt avr complete course/00-tools/03-imt sdk/03- imt sdk/imt_sdk_win_64/winarm/armgcc/bin/../lib/gcc/arm-none-eabi/7.2.1/../../../../arm-none-eabi/lib/thumb/v7e-m\libg_nano.a(lib_a-mlock.o)
                0x08001a06                __malloc_unlock
 .text._malloc_usable_size_r
                0x08001a08       0x10 f:/imt avr complete course/00-tools/03-imt sdk/03- imt sdk/imt_sdk_win_64/winarm/armgcc/bin/../lib/gcc/arm-none-eabi/7.2.1/../../../../arm-none-eabi/lib/thumb/v7e-m\libg_nano.a(lib_a-nano-msizer.o)
                0x08001a08                _malloc_usable_size_r
 *(.rodata .rodata.* .constdata .constdata.*)
 .rodata.dumpExceptionStack.str1.4
                0x08001a18      0x11a ./system/src/cortexm/exception_handlers.o
 *fill*         0x08001b32        0x2 
 .rodata.str1.4
                0x08001b34       0x2a ./system/src/cortexm/exception_handlers.o
 *fill*         0x08001b5e        0x2 
 .rodata.AHBPrescTable
                0x08001b60       0x10 ./system/src/cmsis/system_stm32f4xx.o
                0x08001b60                AHBPrescTable
 .rodata.main.str1.4
                0x08001b70        0xc ./src/main.o
                                  0xb (size before relaxing)
 .rodata._svfprintf_r.str1.1
                0x08001b7c       0x11 f:/imt avr complete course/00-tools/03-imt sdk/03- imt sdk/imt_sdk_win_64/winarm/armgcc/bin/../lib/gcc/arm-none-eabi/7.2.1/../../../../arm-none-eabi/lib/thumb/v7e-m\libg_nano.a(lib_a-nano-svfprintf.o)
 .rodata._printf_i.str1.1
                0x08001b8d       0x22 f:/imt avr complete course/00-tools/03-imt sdk/03- imt sdk/imt_sdk_win_64/winarm/armgcc/bin/../lib/gcc/arm-none-eabi/7.2.1/../../../../arm-none-eabi/lib/thumb/v7e-m\libg_nano.a(lib_a-nano-vfprintf_i.o)
 *(vtable)
 *(.eh_frame*)
 *(.glue_7)
 .glue_7        0x08001baf        0x0 linker stubs
 *(.glue_7t)
 .glue_7t       0x08001baf        0x0 linker stubs

.vfp11_veneer   0x08001bb0        0x0
 .vfp11_veneer  0x08001bb0        0x0 linker stubs

.v4_bx          0x08001bb0        0x0
 .v4_bx         0x08001bb0        0x0 linker stubs

.iplt           0x08001bb0        0x0
 .iplt          0x08001bb0        0x0 ./system/src/newlib/_exit.o

.rel.dyn        0x08001bb0        0x0
 .rel.iplt      0x08001bb0        0x0 ./system/src/newlib/_exit.o

.ARM.extab
 *(.ARM.extab* .gnu.linkonce.armextab.*)
                0x08001bb0                . = ALIGN (0x4)
                0x08001bb0                __exidx_start = .

.ARM.exidx
 *(.ARM.exidx* .gnu.linkonce.armexidx.*)
                0x08001bb0                __exidx_end = .
                0x08001bb0                . = ALIGN (0x4)
                0x08001bb0                _etext = .
                0x08001bb0                __etext = .

.data_CCMRAM    0x10000000        0x0 load address 0x08001bb0
 FILL mask 0xff
 *(.data.CCMRAM .data.CCMRAM.*)
                0x10000000                . = ALIGN (0x4)
                0x08001bb0                _sidata = LOADADDR (.data)

.data           0x20000000       0x80 load address 0x08001bb0
 FILL mask 0xff
                0x20000000                _sdata = .
                0x20000000                __data_start__ = .
 *(.data_begin .data_begin.*)
 .data_begin    0x20000000        0x4 ./system/src/newlib/_startup.o
 *(.data .data.*)
 .data.argv.4310
                0x20000004        0x8 ./system/src/newlib/_syscalls.o
 .data.SystemCoreClock
                0x2000000c        0x4 ./system/src/cmsis/system_stm32f4xx.o
                0x2000000c                SystemCoreClock
 .data.u32Address
                0x20000010        0x4 ./src/SPARSER_Program.o
                0x20000010                u32Address
 .data.u8Write_Req
                0x20000014        0x1 ./src/main.o
                0x20000014                u8Write_Req
 *fill*         0x20000015        0x3 ff
 .data._impure_ptr
                0x20000018        0x4 f:/imt avr complete course/00-tools/03-imt sdk/03- imt sdk/imt_sdk_win_64/winarm/armgcc/bin/../lib/gcc/arm-none-eabi/7.2.1/../../../../arm-none-eabi/lib/thumb/v7e-m\libg_nano.a(lib_a-impure.o)
                0x20000018                _impure_ptr
 .data.impure_data
                0x2000001c       0x60 f:/imt avr complete course/00-tools/03-imt sdk/03- imt sdk/imt_sdk_win_64/winarm/armgcc/bin/../lib/gcc/arm-none-eabi/7.2.1/../../../../arm-none-eabi/lib/thumb/v7e-m\libg_nano.a(lib_a-impure.o)
 *(.data_end .data_end.*)
 .data_end      0x2000007c        0x4 ./system/src/newlib/_startup.o
                0x20000080                . = ALIGN (0x4)
                0x20000080                _edata = .
                0x20000080                __data_end__ = .

.igot.plt       0x20000080        0x0 load address 0x08001c30
 .igot.plt      0x20000080        0x0 ./system/src/newlib/_exit.o

.bss_CCMRAM     0x10000000        0x0
 *(.bss.CCMRAM .bss.CCMRAM.*)

.bss            0x20000080      0x21c
                0x20000080                __bss_start__ = .
                0x20000080                _sbss = .
 *(.bss_begin .bss_begin.*)
 .bss_begin     0x20000080        0x4 ./system/src/newlib/_startup.o
 *(.bss .bss.*)
 .bss.current_heap_end.3961
                0x20000084        0x4 ./system/src/newlib/_sbrk.o
 .bss.name.4309
                0x20000088        0x1 ./system/src/newlib/_syscalls.o
 *fill*         0x20000089        0x3 
 .bss.buf.5205  0x2000008c       0x80 ./system/src/diag/Trace.o
 .bss.GLOBAL_PTR
                0x2000010c       0x40 ./src/EXTI_program.o
 .bss.u16Data   0x2000014c       0xc8 ./src/SPARSER_Program.o
                0x2000014c                u16Data
 .bss.Mode_GLOBALE
                0x20000214        0x1 ./src/SYSTICK_program.o
 *fill*         0x20000215        0x3 
 .bss.SetCallBack
                0x20000218        0x4 ./src/SYSTICK_program.o
 .bss.TimeoutFlag
                0x2000021c        0x1 ./src/main.o
                0x2000021c                TimeoutFlag
 .bss.ctrlDataListen
                0x2000021d        0x1 ./src/main.o
                0x2000021d                ctrlDataListen
 .bss.ctrlDataRec
                0x2000021e        0x1 ./src/main.o
                0x2000021e                ctrlDataRec
 *fill*         0x2000021f        0x1 
 .bss.u8Rec_Buffer
                0x20000220       0x64 ./src/main.o
                0x20000220                u8Rec_Buffer
 .bss.u8Rec_Counter
                0x20000284        0x1 ./src/main.o
                0x20000284                u8Rec_Counter
 *fill*         0x20000285        0x3 
 .bss.__malloc_free_list
                0x20000288        0x4 f:/imt avr complete course/00-tools/03-imt sdk/03- imt sdk/imt_sdk_win_64/winarm/armgcc/bin/../lib/gcc/arm-none-eabi/7.2.1/../../../../arm-none-eabi/lib/thumb/v7e-m\libg_nano.a(lib_a-nano-mallocr.o)
                0x20000288                __malloc_free_list
 .bss.__malloc_sbrk_start
                0x2000028c        0x4 f:/imt avr complete course/00-tools/03-imt sdk/03- imt sdk/imt_sdk_win_64/winarm/armgcc/bin/../lib/gcc/arm-none-eabi/7.2.1/../../../../arm-none-eabi/lib/thumb/v7e-m\libg_nano.a(lib_a-nano-mallocr.o)
                0x2000028c                __malloc_sbrk_start
 *(COMMON)
 COMMON         0x20000290        0x4 ./system/src/newlib/_syscalls.o
                0x20000290                errno
 COMMON         0x20000294        0x4 ./src/main.o
                0x20000294                App_Call
 *(.bss_end .bss_end.*)
 .bss_end       0x20000298        0x4 ./system/src/newlib/_startup.o
                0x2000029c                . = ALIGN (0x4)
                0x2000029c                __bss_end__ = .
                0x2000029c                _ebss = .

.noinit_CCMRAM
 *(.noinit.CCMRAM .noinit.CCMRAM.*)

.noinit         0x2000029c        0x0
                0x2000029c                _noinit = .
 *(.noinit .noinit.*)
                0x2000029c                . = ALIGN (0x4)
                0x2000029c                _end_noinit = .
                [!provide]                PROVIDE (end, _end_noinit)
                [!provide]                PROVIDE (_end, _end_noinit)
                [!provide]                PROVIDE (__end, _end_noinit)
                [!provide]                PROVIDE (__end__, _end_noinit)

._check_stack   0x2000029c      0x100
                0x2000039c                . = (. + _Minimum_Stack_Size)
 *fill*         0x2000029c      0x100 

.b1text
 *(.b1text)
 *(.b1rodata)
 *(.b1rodata.*)

.eb0text
 *(.eb0text)
 *(.eb0rodata)
 *(.eb0rodata.*)

.eb1text
 *(.eb1text)
 *(.eb1rodata)
 *(.eb1rodata.*)

.eb2text
 *(.eb2text)
 *(.eb2rodata)
 *(.eb2rodata.*)

.eb3text
 *(.eb3text)
 *(.eb3rodata)
 *(.eb3rodata.*)

.stab
 *(.stab)

.stabstr
 *(.stabstr)

.stab.excl
 *(.stab.excl)

.stab.exclstr
 *(.stab.exclstr)

.stab.index
 *(.stab.index)

.stab.indexstr
 *(.stab.indexstr)

.comment        0x00000000       0x7e
 *(.comment)
 .comment       0x00000000       0x7e ./system/src/newlib/_exit.o
                                 0x7f (size before relaxing)
 .comment       0x0000007e       0x7f ./system/src/newlib/_sbrk.o
 .comment       0x0000007e       0x7f ./system/src/newlib/_startup.o
 .comment       0x0000007e       0x7f ./system/src/newlib/_syscalls.o
 .comment       0x0000007e       0x7f ./system/src/diag/Trace.o
 .comment       0x0000007e       0x7f ./system/src/diag/trace_impl.o
 .comment       0x0000007e       0x7f ./system/src/cortexm/_initialize_hardware.o
 .comment       0x0000007e       0x7f ./system/src/cortexm/exception_handlers.o
 .comment       0x0000007e       0x7f ./system/src/cmsis/system_stm32f4xx.o
 .comment       0x0000007e       0x7f ./system/src/cmsis/vectors_stm32f401xc.o
 .comment       0x0000007e       0x7f ./src/EXTI_program.o
 .comment       0x0000007e       0x7f ./src/GPIO_program.o
 .comment       0x0000007e       0x7f ./src/MFPEC_Program.o
 .comment       0x0000007e       0x7f ./src/MRCC_program.o
 .comment       0x0000007e       0x7f ./src/MUSART_Program.o
 .comment       0x0000007e       0x7f ./src/SPARSER_Program.o
 .comment       0x0000007e       0x7f ./src/SYSTICK_program.o
 .comment       0x0000007e       0x7f ./src/main.o

.ARM.attributes
                0x00000000       0x31
 .ARM.attributes
                0x00000000       0x33 ./system/src/newlib/_exit.o
 .ARM.attributes
                0x00000033       0x33 ./system/src/newlib/_sbrk.o
 .ARM.attributes
                0x00000066       0x33 ./system/src/newlib/_startup.o
 .ARM.attributes
                0x00000099       0x33 ./system/src/newlib/_syscalls.o
 .ARM.attributes
                0x000000cc       0x33 ./system/src/diag/Trace.o
 .ARM.attributes
                0x000000ff       0x33 ./system/src/diag/trace_impl.o
 .ARM.attributes
                0x00000132       0x33 ./system/src/cortexm/_initialize_hardware.o
 .ARM.attributes
                0x00000165       0x33 ./system/src/cortexm/exception_handlers.o
 .ARM.attributes
                0x00000198       0x33 ./system/src/cmsis/system_stm32f4xx.o
 .ARM.attributes
                0x000001cb       0x33 ./system/src/cmsis/vectors_stm32f401xc.o
 .ARM.attributes
                0x000001fe       0x33 ./src/EXTI_program.o
 .ARM.attributes
                0x00000231       0x33 ./src/GPIO_program.o
 .ARM.attributes
                0x00000264       0x33 ./src/MFPEC_Program.o
 .ARM.attributes
                0x00000297       0x33 ./src/MRCC_program.o
 .ARM.attributes
                0x000002ca       0x33 ./src/MUSART_Program.o
 .ARM.attributes
                0x000002fd       0x33 ./src/SPARSER_Program.o
 .ARM.attributes
                0x00000330       0x33 ./src/SYSTICK_program.o
 .ARM.attributes
                0x00000363       0x33 ./src/main.o
 .ARM.attributes
                0x00000396       0x2e f:/imt avr complete course/00-tools/03-imt sdk/03- imt sdk/imt_sdk_win_64/winarm/armgcc/bin/../lib/gcc/arm-none-eabi/7.2.1/../../../../arm-none-eabi/lib/thumb/v7e-m\libg_nano.a(lib_a-errno.o)
 .ARM.attributes
                0x000003c4       0x2e f:/imt avr complete course/00-tools/03-imt sdk/03- imt sdk/imt_sdk_win_64/winarm/armgcc/bin/../lib/gcc/arm-none-eabi/7.2.1/../../../../arm-none-eabi/lib/thumb/v7e-m\libg_nano.a(lib_a-impure.o)
 .ARM.attributes
                0x000003f2       0x2e f:/imt avr complete course/00-tools/03-imt sdk/03- imt sdk/imt_sdk_win_64/winarm/armgcc/bin/../lib/gcc/arm-none-eabi/7.2.1/../../../../arm-none-eabi/lib/thumb/v7e-m\libg_nano.a(lib_a-vsnprintf.o)
 .ARM.attributes
                0x00000420       0x2e f:/imt avr complete course/00-tools/03-imt sdk/03- imt sdk/imt_sdk_win_64/winarm/armgcc/bin/../lib/gcc/arm-none-eabi/7.2.1/../../../../arm-none-eabi/lib/thumb/v7e-m\libg_nano.a(lib_a-nano-svfprintf.o)
 .ARM.attributes
                0x0000044e       0x2e f:/imt avr complete course/00-tools/03-imt sdk/03- imt sdk/imt_sdk_win_64/winarm/armgcc/bin/../lib/gcc/arm-none-eabi/7.2.1/../../../../arm-none-eabi/lib/thumb/v7e-m\libg_nano.a(lib_a-nano-vfprintf_i.o)
 .ARM.attributes
                0x0000047c       0x1c f:/imt avr complete course/00-tools/03-imt sdk/03- imt sdk/imt_sdk_win_64/winarm/armgcc/bin/../lib/gcc/arm-none-eabi/7.2.1/../../../../arm-none-eabi/lib/thumb/v7e-m\libg_nano.a(lib_a-memchr.o)
 .ARM.attributes
                0x00000498       0x2e f:/imt avr complete course/00-tools/03-imt sdk/03- imt sdk/imt_sdk_win_64/winarm/armgcc/bin/../lib/gcc/arm-none-eabi/7.2.1/../../../../arm-none-eabi/lib/thumb/v7e-m\libg_nano.a(lib_a-memcpy-stub.o)
 .ARM.attributes
                0x000004c6       0x2e f:/imt avr complete course/00-tools/03-imt sdk/03- imt sdk/imt_sdk_win_64/winarm/armgcc/bin/../lib/gcc/arm-none-eabi/7.2.1/../../../../arm-none-eabi/lib/thumb/v7e-m\libg_nano.a(lib_a-memmove.o)
 .ARM.attributes
                0x000004f4       0x2e f:/imt avr complete course/00-tools/03-imt sdk/03- imt sdk/imt_sdk_win_64/winarm/armgcc/bin/../lib/gcc/arm-none-eabi/7.2.1/../../../../arm-none-eabi/lib/thumb/v7e-m\libg_nano.a(lib_a-nano-freer.o)
 .ARM.attributes
                0x00000522       0x2e f:/imt avr complete course/00-tools/03-imt sdk/03- imt sdk/imt_sdk_win_64/winarm/armgcc/bin/../lib/gcc/arm-none-eabi/7.2.1/../../../../arm-none-eabi/lib/thumb/v7e-m\libg_nano.a(lib_a-nano-mallocr.o)
 .ARM.attributes
                0x00000550       0x2e f:/imt avr complete course/00-tools/03-imt sdk/03- imt sdk/imt_sdk_win_64/winarm/armgcc/bin/../lib/gcc/arm-none-eabi/7.2.1/../../../../arm-none-eabi/lib/thumb/v7e-m\libg_nano.a(lib_a-nano-reallocr.o)
 .ARM.attributes
                0x0000057e       0x2e f:/imt avr complete course/00-tools/03-imt sdk/03- imt sdk/imt_sdk_win_64/winarm/armgcc/bin/../lib/gcc/arm-none-eabi/7.2.1/../../../../arm-none-eabi/lib/thumb/v7e-m\libg_nano.a(lib_a-sbrkr.o)
 .ARM.attributes
                0x000005ac       0x2e f:/imt avr complete course/00-tools/03-imt sdk/03- imt sdk/imt_sdk_win_64/winarm/armgcc/bin/../lib/gcc/arm-none-eabi/7.2.1/../../../../arm-none-eabi/lib/thumb/v7e-m\libg_nano.a(lib_a-mlock.o)
 .ARM.attributes
                0x000005da       0x2e f:/imt avr complete course/00-tools/03-imt sdk/03- imt sdk/imt_sdk_win_64/winarm/armgcc/bin/../lib/gcc/arm-none-eabi/7.2.1/../../../../arm-none-eabi/lib/thumb/v7e-m\libg_nano.a(lib_a-nano-msizer.o)

.debug
 *(.debug)

.line
 *(.line)

.debug_srcinfo
 *(.debug_srcinfo)

.debug_sfnames
 *(.debug_sfnames)

.debug_aranges  0x00000000      0x458
 *(.debug_aranges)
 .debug_aranges
                0x00000000       0x28 ./system/src/newlib/_exit.o
 .debug_aranges
                0x00000028       0x20 ./system/src/newlib/_sbrk.o
 .debug_aranges
                0x00000048       0x40 ./system/src/newlib/_startup.o
 .debug_aranges
                0x00000088       0x30 ./system/src/newlib/_syscalls.o
 .debug_aranges
                0x000000b8       0x38 ./system/src/diag/Trace.o
 .debug_aranges
                0x000000f0       0x30 ./system/src/diag/trace_impl.o
 .debug_aranges
                0x00000120       0x28 ./system/src/cortexm/_initialize_hardware.o
 .debug_aranges
                0x00000148       0x90 ./system/src/cortexm/exception_handlers.o
 .debug_aranges
                0x000001d8       0x28 ./system/src/cmsis/system_stm32f4xx.o
 .debug_aranges
                0x00000200       0x20 ./system/src/cmsis/vectors_stm32f401xc.o
 .debug_aranges
                0x00000220       0x50 ./src/EXTI_program.o
 .debug_aranges
                0x00000270       0x48 ./src/GPIO_program.o
 .debug_aranges
                0x000002b8       0x30 ./src/MFPEC_Program.o
 .debug_aranges
                0x000002e8       0x30 ./src/MRCC_program.o
 .debug_aranges
                0x00000318       0x68 ./src/MUSART_Program.o
 .debug_aranges
                0x00000380       0x30 ./src/SPARSER_Program.o
 .debug_aranges
                0x000003b0       0x78 ./src/SYSTICK_program.o
 .debug_aranges
                0x00000428       0x30 ./src/main.o

.debug_pubnames
 *(.debug_pubnames)

.debug_info     0x00000000     0x7eca
 *(.debug_info .gnu.linkonce.wi.*)
 .debug_info    0x00000000      0x956 ./system/src/newlib/_exit.o
 .debug_info    0x00000956      0x942 ./system/src/newlib/_sbrk.o
 .debug_info    0x00001298      0x4bf ./system/src/newlib/_startup.o
 .debug_info    0x00001757      0xa19 ./system/src/newlib/_syscalls.o
 .debug_info    0x00002170      0xb2a ./system/src/diag/Trace.o
 .debug_info    0x00002c9a      0xb6b ./system/src/diag/trace_impl.o
 .debug_info    0x00003805      0xade ./system/src/cortexm/_initialize_hardware.o
 .debug_info    0x000042e3     0x115a ./system/src/cortexm/exception_handlers.o
 .debug_info    0x0000543d      0xcfe ./system/src/cmsis/system_stm32f4xx.o
 .debug_info    0x0000613b       0xca ./system/src/cmsis/vectors_stm32f401xc.o
 .debug_info    0x00006205      0x375 ./src/EXTI_program.o
 .debug_info    0x0000657a      0x343 ./src/GPIO_program.o
 .debug_info    0x000068bd      0x192 ./src/MFPEC_Program.o
 .debug_info    0x00006a4f      0x2f2 ./src/MRCC_program.o
 .debug_info    0x00006d41      0x4cf ./src/MUSART_Program.o
 .debug_info    0x00007210      0x251 ./src/SPARSER_Program.o
 .debug_info    0x00007461      0x302 ./src/SYSTICK_program.o
 .debug_info    0x00007763      0x767 ./src/main.o

.debug_abbrev   0x00000000     0x1d84
 *(.debug_abbrev)
 .debug_abbrev  0x00000000      0x1f3 ./system/src/newlib/_exit.o
 .debug_abbrev  0x000001f3      0x1fc ./system/src/newlib/_sbrk.o
 .debug_abbrev  0x000003ef      0x1cb ./system/src/newlib/_startup.o
 .debug_abbrev  0x000005ba      0x234 ./system/src/newlib/_syscalls.o
 .debug_abbrev  0x000007ee      0x276 ./system/src/diag/Trace.o
 .debug_abbrev  0x00000a64      0x2ef ./system/src/diag/trace_impl.o
 .debug_abbrev  0x00000d53      0x1de ./system/src/cortexm/_initialize_hardware.o
 .debug_abbrev  0x00000f31      0x32b ./system/src/cortexm/exception_handlers.o
 .debug_abbrev  0x0000125c      0x216 ./system/src/cmsis/system_stm32f4xx.o
 .debug_abbrev  0x00001472       0x9d ./system/src/cmsis/vectors_stm32f401xc.o
 .debug_abbrev  0x0000150f      0x11a ./src/EXTI_program.o
 .debug_abbrev  0x00001629       0xed ./src/GPIO_program.o
 .debug_abbrev  0x00001716       0xed ./src/MFPEC_Program.o
 .debug_abbrev  0x00001803       0xc2 ./src/MRCC_program.o
 .debug_abbrev  0x000018c5      0x195 ./src/MUSART_Program.o
 .debug_abbrev  0x00001a5a       0xe2 ./src/SPARSER_Program.o
 .debug_abbrev  0x00001b3c      0x142 ./src/SYSTICK_program.o
 .debug_abbrev  0x00001c7e      0x106 ./src/main.o

.debug_line     0x00000000     0x4cb3
 *(.debug_line)
 .debug_line    0x00000000      0x3d7 ./system/src/newlib/_exit.o
 .debug_line    0x000003d7      0x38b ./system/src/newlib/_sbrk.o
 .debug_line    0x00000762      0x453 ./system/src/newlib/_startup.o
 .debug_line    0x00000bb5      0x4c3 ./system/src/newlib/_syscalls.o
 .debug_line    0x00001078      0x453 ./system/src/diag/Trace.o
 .debug_line    0x000014cb      0xb47 ./system/src/diag/trace_impl.o
 .debug_line    0x00002012      0xab0 ./system/src/cortexm/_initialize_hardware.o
 .debug_line    0x00002ac2      0xbfe ./system/src/cortexm/exception_handlers.o
 .debug_line    0x000036c0      0xab6 ./system/src/cmsis/system_stm32f4xx.o
 .debug_line    0x00004176      0x124 ./system/src/cmsis/vectors_stm32f401xc.o
 .debug_line    0x0000429a      0x11d ./src/EXTI_program.o
 .debug_line    0x000043b7      0x154 ./src/GPIO_program.o
 .debug_line    0x0000450b      0x123 ./src/MFPEC_Program.o
 .debug_line    0x0000462e       0xe1 ./src/MRCC_program.o
 .debug_line    0x0000470f      0x1a5 ./src/MUSART_Program.o
 .debug_line    0x000048b4       0xf8 ./src/SPARSER_Program.o
 .debug_line    0x000049ac      0x19b ./src/SYSTICK_program.o
 .debug_line    0x00004b47      0x16c ./src/main.o

.debug_frame    0x00000000      0xb40
 *(.debug_frame)
 .debug_frame   0x00000000       0x38 ./system/src/newlib/_exit.o
 .debug_frame   0x00000038       0x28 ./system/src/newlib/_sbrk.o
 .debug_frame   0x00000060       0x7c ./system/src/newlib/_startup.o
 .debug_frame   0x000000dc       0x50 ./system/src/newlib/_syscalls.o
 .debug_frame   0x0000012c       0x94 ./system/src/diag/Trace.o
 .debug_frame   0x000001c0       0x64 ./system/src/diag/trace_impl.o
 .debug_frame   0x00000224       0x40 ./system/src/cortexm/_initialize_hardware.o
 .debug_frame   0x00000264      0x158 ./system/src/cortexm/exception_handlers.o
 .debug_frame   0x000003bc       0x30 ./system/src/cmsis/system_stm32f4xx.o
 .debug_frame   0x000003ec       0x20 ./system/src/cmsis/vectors_stm32f401xc.o
 .debug_frame   0x0000040c       0x9c ./src/EXTI_program.o
 .debug_frame   0x000004a8       0xa4 ./src/GPIO_program.o
 .debug_frame   0x0000054c       0x54 ./src/MFPEC_Program.o
 .debug_frame   0x000005a0       0x40 ./src/MRCC_program.o
 .debug_frame   0x000005e0       0xe8 ./src/MUSART_Program.o
 .debug_frame   0x000006c8       0x60 ./src/SPARSER_Program.o
 .debug_frame   0x00000728       0xf8 ./src/SYSTICK_program.o
 .debug_frame   0x00000820       0x58 ./src/main.o
 .debug_frame   0x00000878       0x20 f:/imt avr complete course/00-tools/03-imt sdk/03- imt sdk/imt_sdk_win_64/winarm/armgcc/bin/../lib/gcc/arm-none-eabi/7.2.1/../../../../arm-none-eabi/lib/thumb/v7e-m\libg_nano.a(lib_a-errno.o)
 .debug_frame   0x00000898       0x4c f:/imt avr complete course/00-tools/03-imt sdk/03- imt sdk/imt_sdk_win_64/winarm/armgcc/bin/../lib/gcc/arm-none-eabi/7.2.1/../../../../arm-none-eabi/lib/thumb/v7e-m\libg_nano.a(lib_a-vsnprintf.o)
 .debug_frame   0x000008e4       0x90 f:/imt avr complete course/00-tools/03-imt sdk/03- imt sdk/imt_sdk_win_64/winarm/armgcc/bin/../lib/gcc/arm-none-eabi/7.2.1/../../../../arm-none-eabi/lib/thumb/v7e-m\libg_nano.a(lib_a-nano-svfprintf.o)
 .debug_frame   0x00000974       0x60 f:/imt avr complete course/00-tools/03-imt sdk/03- imt sdk/imt_sdk_win_64/winarm/armgcc/bin/../lib/gcc/arm-none-eabi/7.2.1/../../../../arm-none-eabi/lib/thumb/v7e-m\libg_nano.a(lib_a-nano-vfprintf_i.o)
 .debug_frame   0x000009d4       0x28 f:/imt avr complete course/00-tools/03-imt sdk/03- imt sdk/imt_sdk_win_64/winarm/armgcc/bin/../lib/gcc/arm-none-eabi/7.2.1/../../../../arm-none-eabi/lib/thumb/v7e-m\libg_nano.a(lib_a-memcpy-stub.o)
 .debug_frame   0x000009fc       0x28 f:/imt avr complete course/00-tools/03-imt sdk/03- imt sdk/imt_sdk_win_64/winarm/armgcc/bin/../lib/gcc/arm-none-eabi/7.2.1/../../../../arm-none-eabi/lib/thumb/v7e-m\libg_nano.a(lib_a-memmove.o)
 .debug_frame   0x00000a24       0x38 f:/imt avr complete course/00-tools/03-imt sdk/03- imt sdk/imt_sdk_win_64/winarm/armgcc/bin/../lib/gcc/arm-none-eabi/7.2.1/../../../../arm-none-eabi/lib/thumb/v7e-m\libg_nano.a(lib_a-nano-freer.o)
 .debug_frame   0x00000a5c       0x2c f:/imt avr complete course/00-tools/03-imt sdk/03- imt sdk/imt_sdk_win_64/winarm/armgcc/bin/../lib/gcc/arm-none-eabi/7.2.1/../../../../arm-none-eabi/lib/thumb/v7e-m\libg_nano.a(lib_a-nano-mallocr.o)
 .debug_frame   0x00000a88       0x3c f:/imt avr complete course/00-tools/03-imt sdk/03- imt sdk/imt_sdk_win_64/winarm/armgcc/bin/../lib/gcc/arm-none-eabi/7.2.1/../../../../arm-none-eabi/lib/thumb/v7e-m\libg_nano.a(lib_a-nano-reallocr.o)
 .debug_frame   0x00000ac4       0x2c f:/imt avr complete course/00-tools/03-imt sdk/03- imt sdk/imt_sdk_win_64/winarm/armgcc/bin/../lib/gcc/arm-none-eabi/7.2.1/../../../../arm-none-eabi/lib/thumb/v7e-m\libg_nano.a(lib_a-sbrkr.o)
 .debug_frame   0x00000af0       0x30 f:/imt avr complete course/00-tools/03-imt sdk/03- imt sdk/imt_sdk_win_64/winarm/armgcc/bin/../lib/gcc/arm-none-eabi/7.2.1/../../../../arm-none-eabi/lib/thumb/v7e-m\libg_nano.a(lib_a-mlock.o)
 .debug_frame   0x00000b20       0x20 f:/imt avr complete course/00-tools/03-imt sdk/03- imt sdk/imt_sdk_win_64/winarm/armgcc/bin/../lib/gcc/arm-none-eabi/7.2.1/../../../../arm-none-eabi/lib/thumb/v7e-m\libg_nano.a(lib_a-nano-msizer.o)

.debug_str      0x00000000    0x73dab
 *(.debug_str)
 .debug_str     0x00000000     0x7d15 ./system/src/newlib/_exit.o
                               0x7ee8 (size before relaxing)
 .debug_str     0x00007d15      0x4f5 ./system/src/newlib/_sbrk.o
                               0x729a (size before relaxing)
 .debug_str     0x0000820a      0xc23 ./system/src/newlib/_startup.o
                               0x6a3b (size before relaxing)
 .debug_str     0x00008e2d      0xe8b ./system/src/newlib/_syscalls.o
                               0x8175 (size before relaxing)
 .debug_str     0x00009cb8      0x826 ./system/src/diag/Trace.o
                               0x8660 (size before relaxing)
 .debug_str     0x0000a4de    0x67a2e ./system/src/diag/trace_impl.o
                              0x70986 (size before relaxing)
 .debug_str     0x00071f0c       0xc4 ./system/src/cortexm/_initialize_hardware.o
                              0x6f718 (size before relaxing)
 .debug_str     0x00071fd0      0x1a6 ./system/src/cortexm/exception_handlers.o
                              0x70b10 (size before relaxing)
 .debug_str     0x00072176      0x164 ./system/src/cmsis/system_stm32f4xx.o
                              0x6f7f9 (size before relaxing)
 .debug_str     0x000722da       0x59 ./system/src/cmsis/vectors_stm32f401xc.o
                               0x3878 (size before relaxing)
 .debug_str     0x00072333      0x52d ./src/EXTI_program.o
                               0x32c1 (size before relaxing)
 .debug_str     0x00072860      0x3df ./src/GPIO_program.o
                               0x3297 (size before relaxing)
 .debug_str     0x00072c3f      0x1a5 ./src/MFPEC_Program.o
                               0x3062 (size before relaxing)
 .debug_str     0x00072de4      0x3d9 ./src/MRCC_program.o
                               0x3328 (size before relaxing)
 .debug_str     0x000731bd      0x765 ./src/MUSART_Program.o
                               0x3659 (size before relaxing)
 .debug_str     0x00073922       0xff ./src/SPARSER_Program.o
                               0x300f (size before relaxing)
 .debug_str     0x00073a21      0x2dc ./src/SYSTICK_program.o
                               0x31a4 (size before relaxing)
 .debug_str     0x00073cfd       0xae ./src/main.o
                               0x34dc (size before relaxing)

.debug_loc      0x00000000     0x1870
 *(.debug_loc)
 .debug_loc     0x00000000       0x85 ./system/src/newlib/_sbrk.o
 .debug_loc     0x00000085      0x2cb ./system/src/newlib/_startup.o
 .debug_loc     0x00000350       0x63 ./system/src/newlib/_syscalls.o
 .debug_loc     0x000003b3       0xf6 ./system/src/diag/Trace.o
 .debug_loc     0x000004a9      0x121 ./system/src/diag/trace_impl.o
 .debug_loc     0x000005ca      0x291 ./system/src/cortexm/exception_handlers.o
 .debug_loc     0x0000085b      0x13e ./system/src/cmsis/system_stm32f4xx.o
 .debug_loc     0x00000999      0x15c ./src/EXTI_program.o
 .debug_loc     0x00000af5      0x5d8 ./src/GPIO_program.o
 .debug_loc     0x000010cd       0x9e ./src/MFPEC_Program.o
 .debug_loc     0x0000116b      0x1e2 ./src/MRCC_program.o
 .debug_loc     0x0000134d      0x27a ./src/MUSART_Program.o
 .debug_loc     0x000015c7      0x181 ./src/SPARSER_Program.o
 .debug_loc     0x00001748       0xdc ./src/SYSTICK_program.o
 .debug_loc     0x00001824       0x4c ./src/main.o

.debug_macinfo
 *(.debug_macinfo)

.debug_weaknames
 *(.debug_weaknames)

.debug_funcnames
 *(.debug_funcnames)

.debug_typenames
 *(.debug_typenames)

.debug_varnames
 *(.debug_varnames)
OUTPUT(WT-FOTA.elf elf32-littlearm)

.debug_ranges   0x00000000      0x3c8
 .debug_ranges  0x00000000       0x18 ./system/src/newlib/_exit.o
 .debug_ranges  0x00000018       0x10 ./system/src/newlib/_sbrk.o
 .debug_ranges  0x00000028       0x90 ./system/src/newlib/_startup.o
 .debug_ranges  0x000000b8       0x20 ./system/src/newlib/_syscalls.o
 .debug_ranges  0x000000d8       0x28 ./system/src/diag/Trace.o
 .debug_ranges  0x00000100       0x50 ./system/src/diag/trace_impl.o
 .debug_ranges  0x00000150       0x18 ./system/src/cortexm/_initialize_hardware.o
 .debug_ranges  0x00000168       0x80 ./system/src/cortexm/exception_handlers.o
 .debug_ranges  0x000001e8       0x18 ./system/src/cmsis/system_stm32f4xx.o
 .debug_ranges  0x00000200       0x10 ./system/src/cmsis/vectors_stm32f401xc.o
 .debug_ranges  0x00000210       0x40 ./src/EXTI_program.o
 .debug_ranges  0x00000250       0x38 ./src/GPIO_program.o
 .debug_ranges  0x00000288       0x20 ./src/MFPEC_Program.o
 .debug_ranges  0x000002a8       0x20 ./src/MRCC_program.o
 .debug_ranges  0x000002c8       0x58 ./src/MUSART_Program.o
 .debug_ranges  0x00000320       0x20 ./src/SPARSER_Program.o
 .debug_ranges  0x00000340       0x68 ./src/SYSTICK_program.o
 .debug_ranges  0x000003a8       0x20 ./src/main.o

.debug_macro    0x00000000     0x3953
 .debug_macro   0x00000000      0x1b4 ./system/src/newlib/_exit.o
 .debug_macro   0x000001b4      0x10e ./system/src/newlib/_exit.o
 .debug_macro   0x000002c2       0x8d ./system/src/newlib/_exit.o
 .debug_macro   0x0000034f       0x35 ./system/src/newlib/_exit.o
 .debug_macro   0x00000384      0x169 ./system/src/newlib/_sbrk.o
 .debug_macro   0x000004ed      0x174 ./system/src/newlib/_sbrk.o
 .debug_macro   0x00000661       0x10 ./system/src/newlib/_sbrk.o
 .debug_macro   0x00000671      0x23b ./system/src/newlib/_sbrk.o
 .debug_macro   0x000008ac      0x173 ./system/src/newlib/_startup.o
 .debug_macro   0x00000a1f      0xa72 ./system/src/newlib/_startup.o
 .debug_macro   0x00001491      0x217 ./system/src/newlib/_syscalls.o
 .debug_macro   0x000016a8       0x1c ./system/src/newlib/_syscalls.o
 .debug_macro   0x000016c4       0x10 ./system/src/newlib/_syscalls.o
 .debug_macro   0x000016d4       0x10 ./system/src/newlib/_syscalls.o
 .debug_macro   0x000016e4       0x10 ./system/src/newlib/_syscalls.o
 .debug_macro   0x000016f4       0x35 ./system/src/newlib/_syscalls.o
 .debug_macro   0x00001729      0x122 ./system/src/newlib/_syscalls.o
 .debug_macro   0x0000184b       0x88 ./system/src/newlib/_syscalls.o
 .debug_macro   0x000018d3       0x2b ./system/src/newlib/_syscalls.o
 .debug_macro   0x000018fe      0x118 ./system/src/newlib/_syscalls.o
 .debug_macro   0x00001a16      0x189 ./system/src/newlib/_syscalls.o
 .debug_macro   0x00001b9f       0x16 ./system/src/newlib/_syscalls.o
 .debug_macro   0x00001bb5      0x1fb ./system/src/diag/Trace.o
 .debug_macro   0x00001db0       0x4c ./system/src/diag/Trace.o
 .debug_macro   0x00001dfc       0x16 ./system/src/diag/Trace.o
 .debug_macro   0x00001e12      0x52a ./system/src/diag/trace_impl.o
 .debug_macro   0x0000233c       0x22 ./system/src/diag/trace_impl.o
 .debug_macro   0x0000235e      0x4ee ./system/src/cortexm/_initialize_hardware.o
 .debug_macro   0x0000284c      0x557 ./system/src/cortexm/exception_handlers.o
 .debug_macro   0x00002da3       0x3b ./system/src/cortexm/exception_handlers.o
 .debug_macro   0x00002dde      0x4ea ./system/src/cmsis/system_stm32f4xx.o
 .debug_macro   0x000032c8       0x34 ./system/src/cmsis/vectors_stm32f401xc.o
 .debug_macro   0x000032fc       0x40 ./src/EXTI_program.o
 .debug_macro   0x0000333c       0x22 ./src/EXTI_program.o
 .debug_macro   0x0000335e       0x22 ./src/EXTI_program.o
 .debug_macro   0x00003380       0x2e ./src/EXTI_program.o
 .debug_macro   0x000033ae       0x3f ./src/GPIO_program.o
 .debug_macro   0x000033ed       0x46 ./src/GPIO_program.o
 .debug_macro   0x00003433       0x64 ./src/GPIO_program.o
 .debug_macro   0x00003497       0x40 ./src/MFPEC_Program.o
 .debug_macro   0x000034d7       0x34 ./src/MFPEC_Program.o
 .debug_macro   0x0000350b       0x3e ./src/MRCC_program.o
 .debug_macro   0x00003549       0xd6 ./src/MRCC_program.o
 .debug_macro   0x0000361f       0x10 ./src/MRCC_program.o
 .debug_macro   0x0000362f       0x46 ./src/MRCC_program.o
 .debug_macro   0x00003675       0x49 ./src/MUSART_Program.o
 .debug_macro   0x000036be       0x2e ./src/MUSART_Program.o
 .debug_macro   0x000036ec      0x124 ./src/MUSART_Program.o
 .debug_macro   0x00003810       0x37 ./src/SPARSER_Program.o
 .debug_macro   0x00003847       0x3e ./src/SYSTICK_program.o
 .debug_macro   0x00003885       0x3a ./src/SYSTICK_program.o
 .debug_macro   0x000038bf       0x10 ./src/SYSTICK_program.o
 .debug_macro   0x000038cf       0x1c ./src/SYSTICK_program.o
 .debug_macro   0x000038eb       0x68 ./src/main.o
